2026-08-02 23:57:52.603 +05:30 [INF] User profile is available. Using 'C:\Users\solan\AppData\Local\ASP.NET\DataProtection-Keys' as key repository and Windows DPAPI to encrypt keys at rest.
2026-08-02 23:57:52.996 +05:30 [INF] Now listening on: http://localhost:5164
2026-08-02 23:57:52.998 +05:30 [INF] Application started. Press Ctrl+C to shut down.
2026-08-02 23:57:53.000 +05:30 [INF] Hosting environment: Development
2026-08-02 23:57:53.000 +05:30 [INF] Content root path: D:\Kavan\FRE WORK\Projects\CallMatrix\api\CallMatrix
2026-08-02 23:57:57.178 +05:30 [INF] Request starting HTTP/1.1 GET http://localhost:5164/ - null null
2026-08-02 23:58:00.225 +05:30 [INF] HTTP GET / responded 404 in 3022.8896 ms
2026-08-02 23:58:00.310 +05:30 [INF] Request finished HTTP/1.1 GET http://localhost:5164/ - 404 0 null 3132.1573ms
2026-08-02 23:58:00.316 +05:30 [INF] Request reached the end of the middleware pipeline without being handled by application code. Request path: GET http://localhost:5164/, Response status code: 404
2026-08-02 23:58:01.042 +05:30 [INF] Request starting HTTP/1.1 GET http://localhost:5164/ - null null
2026-08-02 23:58:01.054 +05:30 [INF] HTTP GET / responded 404 in 2.7226 ms
2026-08-02 23:58:01.060 +05:30 [INF] Request finished HTTP/1.1 GET http://localhost:5164/ - 404 0 null 17.2112ms
2026-08-02 23:58:01.067 +05:30 [INF] Request reached the end of the middleware pipeline without being handled by application code. Request path: GET http://localhost:5164/, Response status code: 404
2026-08-02 23:58:08.014 +05:30 [INF] Request starting HTTP/1.1 GET http://localhost:5164/swagger - null null
2026-08-02 23:58:08.023 +05:30 [INF] Request finished HTTP/1.1 GET http://localhost:5164/swagger - 301 0 null 9.1018ms
2026-08-02 23:58:08.031 +05:30 [INF] Request starting HTTP/1.1 GET http://localhost:5164/swagger/index.html - null null
2026-08-02 23:58:08.129 +05:30 [INF] Request finished HTTP/1.1 GET http://localhost:5164/swagger/index.html - 200 null text/html;charset=utf-8 98.2936ms
2026-08-02 23:58:08.149 +05:30 [INF] Request starting HTTP/1.1 GET http://localhost:5164/swagger/swagger-ui.css - null null
2026-08-02 23:58:08.149 +05:30 [INF] Request starting HTTP/1.1 GET http://localhost:5164/swagger/swagger-ui-bundle.js - null null
2026-08-02 23:58:08.149 +05:30 [INF] Request starting HTTP/1.1 GET http://localhost:5164/swagger/swagger-ui-standalone-preset.js - null null
2026-08-02 23:58:08.173 +05:30 [INF] Sending file. Request path: '/swagger-ui-standalone-preset.js'. Physical path: 'N/A'
2026-08-02 23:58:08.173 +05:30 [INF] Sending file. Request path: '/swagger-ui.css'. Physical path: 'N/A'
2026-08-02 23:58:08.177 +05:30 [INF] Request finished HTTP/1.1 GET http://localhost:5164/swagger/swagger-ui.css - 200 152034 text/css 28.4842ms
2026-08-02 23:58:08.177 +05:30 [INF] Request finished HTTP/1.1 GET http://localhost:5164/swagger/swagger-ui-standalone-preset.js - 200 230280 text/javascript 27.8508ms
2026-08-02 23:58:08.183 +05:30 [INF] Sending file. Request path: '/swagger-ui-bundle.js'. Physical path: 'N/A'
2026-08-02 23:58:08.188 +05:30 [INF] Request finished HTTP/1.1 GET http://localhost:5164/swagger/swagger-ui-bundle.js - 200 1456926 text/javascript 38.5708ms
2026-08-02 23:58:08.363 +05:30 [INF] Request starting HTTP/1.1 GET http://localhost:5164/swagger/v1/swagger.json - null null
2026-08-02 23:58:08.381 +05:30 [INF] Request starting HTTP/1.1 GET http://localhost:5164/swagger/favicon-32x32.png - null null
2026-08-02 23:58:08.391 +05:30 [INF] Sending file. Request path: '/favicon-32x32.png'. Physical path: 'N/A'
2026-08-02 23:58:08.393 +05:30 [INF] Request finished HTTP/1.1 GET http://localhost:5164/swagger/favicon-32x32.png - 200 628 image/png 12.1882ms
2026-08-02 23:58:08.509 +05:30 [INF] Request finished HTTP/1.1 GET http://localhost:5164/swagger/v1/swagger.json - 200 null application/json;charset=utf-8 145.7029ms
2026-08-02 23:59:55.838 +05:30 [INF] Request starting HTTP/1.1 OPTIONS http://localhost:5164/api/auth/login - null null
2026-08-02 23:59:55.850 +05:30 [INF] CORS policy execution successful.
2026-08-02 23:59:55.853 +05:30 [INF] HTTP OPTIONS /api/auth/login responded 204 in 6.7961 ms
2026-08-02 23:59:55.856 +05:30 [INF] Request finished HTTP/1.1 OPTIONS http://localhost:5164/api/auth/login - 204 null null 17.5745ms
2026-08-02 23:59:55.862 +05:30 [INF] Request starting HTTP/1.1 POST http://localhost:5164/api/auth/login - application/json 59
2026-08-02 23:59:55.872 +05:30 [INF] CORS policy execution successful.
2026-08-02 23:59:55.878 +05:30 [INF] Executing endpoint 'CallMatrix.Controllers.AuthController.Login (CallMatrix)'
2026-08-02 23:59:55.911 +05:30 [INF] Route matched with {action = "Login", controller = "Auth"}. Executing controller action with signature System.Threading.Tasks.Task`1[Microsoft.AspNetCore.Mvc.IActionResult] Login(CallMatrix.DTO.Request.Auth.LoginRequest) on controller CallMatrix.Controllers.AuthController (CallMatrix).
